    public class ScorePartwise
    public class scorepartwisePart
    public class scorepartwisePartMeasure

//- score header ----------------------------------

    public class work
    public class opus

    public class identification
    public class typedtext
    public class encoding
    public class supports
    public class miscellaneousfield

    public class lyriclanguage
    public class lyricfont
    public class emptyfont
    public class otherappearance
    public class glyph
    public class distance
    public class notesize
    public class linewidth
    public class appearance
    public class scaling
    public class defaults

    public class credit

    public class virtualinstrument
    public class scoreinstrument
    public class partname
    public class scorepart
    public class groupbarline
    public class groupsymbol
    public class groupname
    public class partgroup
    public class partlist

//- note ----------------------------------------

    public class note

    public class grace
    public class pitch
    public class unpitched
    public class rest

    public class tie
    public class instrument
    public class notetype
    public class slur
    public class accidental
    public class tied
    public class stem
    public class beam
    public class noteheadtext
    public class notehead
    public class lyric
    public class elision
    public class textelementdata

    public class notations
    public class othernotation
    public class nonarpeggiate
    public class arpeggiate
    public class caesura
    public class breathmark
    public class emptyline
    public class articulations
    public class emptyplacement
    public class strongaccent : emptyplacement
    public class heeltoe : emptyplacement
    public class otherplacementtext
    public class harmonclosed
    public class harmonmute
    public class handbell
    public class arrow
    public class holeclosed
    public class hole
    public class tap
    public class bend
    public class placementtext
    public class hammeronpulloff
    public class emptyplacementsmufl
    public class harmonic
    public class technical

    public class accidentalmark
    public class tremolo
    public class horizontalturn
    public class emptytrillsound
    public class mordent : emptytrillsound
    public class ornaments
    public class slide
    public class glissando

    public class tupletdot
    public class tuplettype
    public class tupletnumber
    public class tupletportion
    public class tuplet

//- direction -----------------------------------

    public class direction
    public class otherdirection
    public class staffdivide
    public class accordionregistration
    public class stick
    public class beater
    public class pitched
    public class glass
    public class percussion

    public class othertext
    public class principalvoice
    public class accord
    public class scordatura
    public class stringmute
    public class emptyprintstylealignid
    public class pedaltuning
    public class harppedals
    public class octaveshift
    public class metronometied
    public class metronomebeam
    public class metronomenote
    public class metronometuplet : timemodification
    public class timemodification
    public class perminute
    public class beatunittied
    public class metronome
    public class pedal
    public class bracket
    public class dashes
    public class wedge
    public class directiontype
    public class dynamics
    public class image
    public class formattedtextid
    public class formattedsymbolid

//- attributes ----------------------------------

    public class attributes
    public class attributesDirective (deprectated)

    public class key
    public class keyoctave
    public class keyaccidental
    public class cancel

    public class time
    public class interchangeable

    public class partsymbol

    public class clef

    public class stafftuning
    public class staffdetails

    public class transpose

    public class measurestyle
    public class slash
    public class empty
    public class beatrepeat
    public class measurerepeat
    public class multiplerest

//- harmony -------------------------------------

    public class barre
    public class framenote
    public class @string
    public class fret
    public class fingering
    public class firstfret
    public class frame
    public class degreetype
    public class degreealter
    public class degreevalue
    public class degree
    public class bassalter
    public class bassstep
    public class bass
    public class inversion
    public class kind
    public class rootalter
    public class rootstep
    public class root
    public class harmony

//-----------------------------------------------

    public class feature
    public class grouping

    public class repeat
    public class ending
    public class barstylecolor
    public class barline
    public class formattedtext
    public class level
    public class wavyline
    public class segno
    public class coda
    public class fermata

    public class measurenumbering
    public class measurelayout
    public class print

    public class pagelayout
    public class pagemargins
    public class systemlayout
    public class systemmargins
    public class systemdividers
    public class emptyprintobjectstylealign
    public class stafflayout

    public class namedisplay
    public class accidentaltext
    public class figure
    public class styletext
    public class extend
    public class figuredbass

    public class offset

    public class sound
    public class mididevice
    public class midiinstrument
    public class play
    public class otherplay

    public class forward
    public class backup

    public class bookmark
    public class link

//- timewise ------------------------------------

    public class ScoreTimewise
    public class scoretimewiseMeasure
    public class scoretimewiseMeasurePart

=====================================================================

    public enum opusType
    public enum opusShow
    public enum opusActuate
    public enum startstopsingle
    public enum backwardforward
    public enum winged
    public enum startstopdiscontinue
    public enum yesno
    public enum barstyle
    public enum symbolsize
    public enum startstopcontinue
    public enum abovebelow
    public enum startnote
    public enum trillstep
    public enum twonoteturn
    public enum uprightinverted
    public enum fermatashape
    public enum rightleftmiddle
    public enum measurenumberingvalue
    public enum margintype
    public enum accidentalvalue
    public enum startstop
    public enum fontstyle
    public enum fontweight
    public enum leftright
    public enum leftcenterright
    public enum valignimage
    public enum degreetypevalue
    public enum degreesymbolvalue
    public enum step
    public enum valign
    public enum kindvalue
    public enum harmonytype
    public enum notetypevalue
    public enum stafftype
    public enum showfrets
    public enum clefsign
    public enum groupsymbolvalue
    public enum timerelation
    public enum timesymbol
    public enum timeseparator
    public enum ItemsChoiceType10
    public enum cancellocation
    public enum ItemsChoiceType9
    public enum mute
    public enum semipitched
    public enum staffdividesymbol
    public enum sticktype
    public enum stickmaterial
    public enum tipdirection
    public enum beatervalue
    public enum pitchedvalue
    public enum glassvalue
    public enum effect
    public enum membrane
    public enum metal
    public enum sticklocation
    public enum wood
    public enum enclosureshape
    public enum principalvoicesymbol
    public enum onoff
    public enum updownstopcontinue
    public enum beamvalue
    public enum showtuplet
    public enum ItemsChoiceType7
    public enum pedaltype
    public enum lineend
    public enum linetype
    public enum wedgetype
    public enum ItemsChoiceType5
    public enum ItemsChoiceType8
    public enum textdirection
    public enum syllabic
    public enum ItemsChoiceType6
    public enum topbottom
    public enum updown
    public enum caesuravalue
    public enum breathmarkvalue
    public enum lineshape
    public enum linelength
    public enum ItemsChoiceType4
    public enum harmonclosedlocation
    public enum harmonclosedvalue
    public enum handbellvalue
    public enum arrowdirection
    public enum arrowstyle
    public enum circulararrow
    public enum holeclosedlocation
    public enum holeclosedvalue
    public enum taphand
    public enum ItemChoiceType1
    public enum ItemChoiceType
    public enum Item1ChoiceType
    public enum ItemsChoiceType3
    public enum tremolotype
    public enum ItemsChoiceType2
    public enum overunder
    public enum tiedtype
    public enum fan
    public enum noteheadvalue
    public enum stemvalue
    public enum ItemsChoiceType1
    public enum ItemsChoiceType
    public enum groupbarlinevalue
    public enum notesizetype
