    public class ScorePartwise
    public class work
    public class opus
    public class feature
    public class grouping
    public class repeat
    public class ending
    public class barstylecolor
    public class barline
    public class formattedtext
    public class level
    public class wavyline
    public class segno
    public class coda
    public class fermata
    public class measurenumbering
    public class measurelayout
    public class print
    public class pagelayout
    public class pagemargins
    public class systemlayout
    public class systemmargins
    public class systemdividers
    public class emptyprintobjectstylealign
    public class stafflayout
    public class namedisplay
    public class accidentaltext
    public class figure
    public class styletext
    public class extend
    public class figuredbass
    public class barre
    public class framenote
    public class @string
    public class fret
    public class fingering
    public class firstfret
    public class frame
    public class degreetype
    public class degreealter
    public class degreevalue
    public class degree
    public class bassalter
    public class bassstep
    public class bass
    public class inversion
    public class kind
    public class rootalter
    public class rootstep
    public class root
    public class harmony
    public class offset
    public class slash
    public class empty
    public class beatrepeat
    public class measurerepeat
    public class multiplerest
    public class measurestyle
    public class transpose
    public class stafftuning
    public class staffdetails
    public class clef
    public class partsymbol
    public class interchangeable
    public class time
    public class keyoctave
    public class keyaccidental
    public class cancel
    public class key
    public class attributes
    public class attributesDirective
    public class sound
    public class mididevice
    public class midiinstrument
    public class play
    public class otherplay
    public class otherdirection
    public class staffdivide
    public class accordionregistration
    public class stick
    public class beater
    public class pitched
    public class glass
    public class percussion
    public class othertext
    public class principalvoice
    public class accord
    public class scordatura
    public class stringmute
    public class emptyprintstylealignid
    public class pedaltuning
    public class harppedals
    public class octaveshift
    public class metronometied
    public class metronomebeam
    public class metronomenote
    public class metronometuplet : timemodification
    public class timemodification
    public class perminute
    public class beatunittied
    public class metronome
    public class pedal
    public class bracket
    public class dashes
    public class wedge
    public class directiontype
    public class dynamics
    public class image
    public class formattedtextid
    public class formattedsymbolid
    public class direction
    public class forward
    public class backup
    public class elision
    public class textelementdata
    public class lyric
    public class othernotation
    public class nonarpeggiate
    public class arpeggiate
    public class caesura
    public class breathmark
    public class emptyline
    public class articulations
    public class emptyplacement
    public class strongaccent : emptyplacement
    public class heeltoe : emptyplacement
    public class otherplacementtext
    public class harmonclosed
    public class harmonmute
    public class handbell
    public class arrow
    public class holeclosed
    public class hole
    public class tap
    public class bend
    public class placementtext
    public class hammeronpulloff
    public class emptyplacementsmufl
    public class harmonic
    public class technical
    public class accidentalmark
    public class tremolo
    public class horizontalturn
    public class emptytrillsound
    public class mordent : emptytrillsound
    public class ornaments
    public class slide
    public class glissando
    public class tupletdot
    public class tuplettype
    public class tupletnumber
    public class tupletportion
    public class tuplet
    public class slur
    public class tied
    public class notations
    public class beam
    public class noteheadtext
    public class notehead
    public class stem
    public class accidental
    public class notetype
    public class instrument
    public class tie
    public class rest
    public class unpitched
    public class pitch
    public class grace
    public class note
    public class virtualinstrument
    public class scoreinstrument
    public class partname
    public class scorepart
    public class identification
    public class typedtext
    public class encoding
    public class supports
    public class miscellaneousfield
    public class groupbarline
    public class groupsymbol
    public class groupname
    public class partgroup
    public class partlist
    public class bookmark
    public class link
    public class credit
    public class lyriclanguage
    public class lyricfont
    public class emptyfont
    public class otherappearance
    public class glyph
    public class distance
    public class notesize
    public class linewidth
    public class appearance
    public class scaling
    public class defaults
    public class scorepartwisePart
    public class scorepartwisePartMeasure
    public class ScoreTimewise
    public class scoretimewiseMeasure
    public class scoretimewiseMeasurePart
